../Drivers/STM32G4xx_HAL_Driver/Inc/stm32g4xx_ll_system.h:1207:22:LL_VREFBUF_SetVoltageScaling	16	static
../Core/Src/main.c:68:6:LOW_PASS_FILTER_INIT	8	static
../Core/Src/main.c:76:6:HAL_TIM_PeriodElapsedCallback	24	static
../Core/Src/main.c:94:5:_write	24	static
../Core/Src/main.c:105:5:main	8	static
../Core/Src/main.c:166:6:SystemClock_Config	88	static
../Core/Src/main.c:207:13:MX_ADC1_Init	56	static
../Core/Src/main.c:275:13:MX_LPUART1_UART_Init	8	static
../Core/Src/main.c:322:13:MX_TIM6_Init	24	static
../Core/Src/main.c:360:13:MX_GPIO_Init	16	static
../Core/Src/main.c:380:6:Error_Handler	4	static,ignoring_inline_asm
